// Jest Snapshot v1, https://goo.gl/fbAQLP

exports[`should render AddExpensePage correctly 1`] = `
<div>
  <div
    className="page-head"
  >
    <div
      className="wrapper"
    >
      <h2>
        Add Expense
      </h2>
    </div>
  </div>
  <div
    className="page-body"
  >
    <div
      className="wrapper"
    >
      <ExpenseForm
        onSubmitHandler={[Function]}
      />
    </div>
  </div>
</div>
`;
