// Jest Snapshot v1, https://goo.gl/fbAQLP

exports[`should render EditExpensePage correctly 1`] = `
<div>
  <div
    className="page-head"
  >
    <div
      className="wrapper"
    >
      <h2>
        Edit Expense
      </h2>
    </div>
  </div>
  <div
    className="page-body"
  >
    <div
      className="wrapper"
    >
      <ExpenseForm
        onSubmitHandler={[Function]}
      />
      <button
        className="button button--red"
        id="remove-btn"
        onClick={[Function]}
      >
        Remove
      </button>
    </div>
  </div>
</div>
`;
