// Jest Snapshot v1, https://goo.gl/fbAQLP

exports[`should render ExpenseItem correctly with an Expense 1`] = `
<div>
  <Link
    replace={false}
    to="/edit/1"
  >
    <h3>
      Expense: 
      gas
    </h3>
  </Link>
  <p>
    Amount: 
    51200
  </p>
  <p>
    Date: 
    Jan 1st, 1970
  </p>
</div>
`;
