// Jest Snapshot v1, https://goo.gl/fbAQLP

exports[`should render Header correctly 1`] = `
<div>
  <h1>
    Expensify
  </h1>
  <nav>
    <NavLink
      activeClassName="active-link"
      aria-current="page"
      exact={true}
      to="/"
    >
      DashBoard
    </NavLink>
    <NavLink
      activeClassName="active-link"
      aria-current="page"
      to="/create"
    >
      Add Expense
    </NavLink>
    <NavLink
      activeClassName="active-link"
      aria-current="page"
      to="/help"
    >
      Help
    </NavLink>
  </nav>
</div>
`;
